aThis is great
Ok
For the win
